// Jest Snapshot v1, https://goo.gl/fbAQLP

exports[`Search component should test search component 1`] = `
<DocumentFragment>
  <div
    class="mainDiv"
  >
    <div
      class="search"
    >
      <label
        for="url"
      >
        <h1>
          Search
        </h1>
      </label>
      <input
        name="url"
        placeholder="Search"
        type="text"
      />
    </div>
    <div>
      <label
        for="method"
      >
        <h1>
          Methods
        </h1>
      </label>
      <ul
        class="methodsList"
      >
        <li>
          GET
          <input
            name="method"
            type="radio"
            value="GET"
          />
        </li>
        <li>
          POST
          <input
            name="method"
            type="radio"
            value="POST"
          />
        </li>
        <li>
          PUT
          <input
            name="method"
            type="radio"
            value="PUT"
          />
        </li>
        <li>
          PATCH
          <input
            name="method"
            type="radio"
            value="PATCH"
          />
        </li>
        <li>
          DELETE
          <input
            name="method"
            type="radio"
            value="DELETE"
          />
        </li>
      </ul>
    </div>
    <div
      class="json"
    >
      <label
        for="json"
      >
        <h3>
          JSON (POST/PUT)
        </h3>
      </label>
      <input
        name="json"
        placeholder="JSON"
        type="text"
      />
    </div>
    <button>
      Send!
    </button>
  </div>
</DocumentFragment>
`;
